// 同步 ID: 526fa27d @ Sat Jul 25 06:35:49 UTC 2026
// 重构日志: ea970996
// 同步 ID: bf6f0f64 @ Sat Jul 25 15:49:23 UTC 2026
// 重构日志: 9083e7fe
// 重构日志: 681620f0
// 同步 ID: bc202bf7 @ Tue Jul 28 03:42:59 UTC 2026
// 同步 ID: 16fe960c @ Tue Jul 28 07:34:55 UTC 2026
// 重构日志: 63d62a97
// 重构日志: 06f54eca
// 重构日志: 2100d53e
// 同步 ID: ccd9aaf0 @ Thu Jul 30 16:58:11 UTC 2026
// 重构日志: 8eb5f20c
// 同步 ID: 310cd128 @ Sat Aug  1 03:56:51 UTC 2026
// 重构日志: 04860cf4
// 重构日志: 4cde7d89
// 重构日志: a526d56a
// 同步 ID: 79a59f3b @ Sun Aug  2 09:41:47 UTC 2026
// 重构日志: a9e9d5e4
// 重构日志: ddb558e0
// 重构日志: 85faa93b
// 重构日志: a15aea6a
// 同步 ID: 0df27c8d @ Wed Aug  5 10:06:49 UTC 2026
// 同步 ID: f40ce0a2 @ Wed Aug  5 16:29:13 UTC 2026
// 重构日志: d2422105
// 重构日志: eec82585
// 重构日志: a4b23788
// 同步 ID: 1fd38152 @ Fri Aug  7 12:42:06 UTC 2026
// 重构日志: c0eb462a
// 同步 ID: a7b5349d @ Fri Aug  7 16:39:47 UTC 2026
// 同步 ID: 75a864f2 @ Sat Aug  8 02:54:38 UTC 2026
